// Vitest Snapshot v1, https://vitest.dev/guide/snapshot.html

exports[`Header > should match snapshot 1`] = `
<div>
  <header
    class="w-full px-4 pt-4"
  >
    <div
      class="max-w-lg w-full mx-auto flex justify-between font-bold"
    >
      <button
        class="h-9 px-3 rounded-full border shadow-sm bg-white border-neutral-100 text-cyan-500"
      >
        Histories
      </button>
      <button
        class="h-9 px-3 rounded-full border-2 outline-none shadow-sm border-cyan-500 text-cyan-500"
      >
        2500
        ml
      </button>
    </div>
  </header>
</div>
`;
