// Vitest Snapshot v1, https://vitest.dev/guide/snapshot.html

exports[`Input 1`] = `
<div>
  <label
    class="flex flex-col"
  >
    <span
      class="mb-1 text-neutral-500"
    >
      Label
    </span>
    <input
      class="text-2xl font-extrabold text-neutral-700 outline-none rounded-xl h-12 px-3 border-2 border-neutral-200 transition-all"
    />
  </label>
</div>
`;
